C:\Users\pizza\AppData\Local\Programs\Python\Python311\Lib\site-packages\sklearn\svm\_base.py:239: FutureWarning: The `probability` parameter was deprecated in 1.9 and will be removed in version 1.11. Use `CalibratedClassifierCV(SVC(), ensemble=False)` instead of `SVC(probability=True)`
  warnings.warn(
C:\Users\pizza\AppData\Local\Programs\Python\Python311\Lib\site-packages\sklearn\svm\_base.py:239: FutureWarning: The `probability` parameter was deprecated in 1.9 and will be removed in version 1.11. Use `CalibratedClassifierCV(SVC(), ensemble=False)` instead of `SVC(probability=True)`
  warnings.warn(
[ WARN:0@263.514] global loadsave.cpp:278 cv::findDecoder imread_('D:\MainProject\ImageProcessingFruit\FruitVision\datasets\fruit_ripeness\banana\unripe\8682524-jpgn√á√ë250G√á√Ø_jpg.rf.8fdLwb9GKpe4wc4aCMTn.jpg'): can't open/read file: check file path/integrity
[ WARN:0@293.915] global loadsave.cpp:278 cv::findDecoder imread_('D:\MainProject\ImageProcessingFruit\FruitVision\datasets\fruit_ripeness\banana\unripe\bunch-unripe-green-bananas-bunch-unripe-green-bananas-tree-101253605-jpgG√á√Ø_jpg.rf.LiGkuYCgWXE89EvgyIjC.jpg'): can't open/read file: check file path/integrity
[ WARN:0@293.915] global loadsave.cpp:278 cv::findDecoder imread_('D:\MainProject\ImageProcessingFruit\FruitVision\datasets\fruit_ripeness\banana\unripe\green-bananas-3_medium-jpgG√á√Ø_png.rf.Jd9En5JfkFaniemeIfvP.png'): can't open/read file: check file path/integrity
C:\Users\pizza\AppData\Local\Programs\Python\Python311\Lib\site-packages\sklearn\svm\_base.py:239: FutureWarning: The `probability` parameter was deprecated in 1.9 and will be removed in version 1.11. Use `CalibratedClassifierCV(SVC(), ensemble=False)` instead of `SVC(probability=True)`
  warnings.warn(
C:\Users\pizza\AppData\Local\Programs\Python\Python311\Lib\site-packages\sklearn\svm\_base.py:239: FutureWarning: The `probability` parameter was deprecated in 1.9 and will be removed in version 1.11. Use `CalibratedClassifierCV(SVC(), ensemble=False)` instead of `SVC(probability=True)`
  warnings.warn(
C:\Users\pizza\AppData\Local\Programs\Python\Python311\Lib\site-packages\sklearn\svm\_base.py:239: FutureWarning: The `probability` parameter was deprecated in 1.9 and will be removed in version 1.11. Use `CalibratedClassifierCV(SVC(), ensemble=False)` instead of `SVC(probability=True)`
  warnings.warn(
C:\Users\pizza\AppData\Local\Programs\Python\Python311\Lib\site-packages\sklearn\svm\_base.py:239: FutureWarning: The `probability` parameter was deprecated in 1.9 and will be removed in version 1.11. Use `CalibratedClassifierCV(SVC(), ensemble=False)` instead of `SVC(probability=True)`
  warnings.warn(
C:\Users\pizza\AppData\Local\Programs\Python\Python311\Lib\site-packages\sklearn\svm\_base.py:239: FutureWarning: The `probability` parameter was deprecated in 1.9 and will be removed in version 1.11. Use `CalibratedClassifierCV(SVC(), ensemble=False)` instead of `SVC(probability=True)`
  warnings.warn(
C:\Users\pizza\AppData\Local\Programs\Python\Python311\Lib\site-packages\sklearn\svm\_base.py:239: FutureWarning: The `probability` parameter was deprecated in 1.9 and will be removed in version 1.11. Use `CalibratedClassifierCV(SVC(), ensemble=False)` instead of `SVC(probability=True)`
  warnings.warn(

Building feature dataset for apple (m14v3: Otsu+HSV union detect, deskew calibrate, colour+shape+gabor+texture)...
Loaded 7608 samples for apple across classes: {np.str_('rotten'), np.str_('unripe'), np.str_('ripe')}
Test set performance for apple:
              precision    recall  f1-score   support

        ripe       0.79      0.86      0.83       423
      rotten       0.93      0.91      0.92       635
      unripe       0.93      0.88      0.90       464

    accuracy                           0.89      1522
   macro avg       0.88      0.88      0.88      1522
weighted avg       0.89      0.89      0.89      1522

Model saved to D:\MainProject\ImageProcessingFruit\FruitVision\trained_models\m14v3\apple_m14v3.pkl
[time] apple took 2m 30.7s

Building feature dataset for banana (m14v3: Otsu+HSV union detect, deskew calibrate, colour+shape+gabor+texture)...
Skipping D:\MainProject\ImageProcessingFruit\FruitVision\datasets\fruit_ripeness\banana\unripe\8682524-jpgn«—250G«Ô_jpg.rf.8fdLwb9GKpe4wc4aCMTn.jpg: Could not read image: D:\MainProject\ImageProcessingFruit\FruitVision\datasets\fruit_ripeness\banana\unripe\8682524-jpgn«—250G«Ô_jpg.rf.8fdLwb9GKpe4wc4aCMTn.jpg
Skipping D:\MainProject\ImageProcessingFruit\FruitVision\datasets\fruit_ripeness\banana\unripe\bunch-unripe-green-bananas-bunch-unripe-green-bananas-tree-101253605-jpgG«Ô_jpg.rf.LiGkuYCgWXE89EvgyIjC.jpg: Could not read image: D:\MainProject\ImageProcessingFruit\FruitVision\datasets\fruit_ripeness\banana\unripe\bunch-unripe-green-bananas-bunch-unripe-green-bananas-tree-101253605-jpgG«Ô_jpg.rf.LiGkuYCgWXE89EvgyIjC.jpg
Skipping D:\MainProject\ImageProcessingFruit\FruitVision\datasets\fruit_ripeness\banana\unripe\green-bananas-3_medium-jpgG«Ô_png.rf.Jd9En5JfkFaniemeIfvP.png: Could not read image: D:\MainProject\ImageProcessingFruit\FruitVision\datasets\fruit_ripeness\banana\unripe\green-bananas-3_medium-jpgG«Ô_png.rf.Jd9En5JfkFaniemeIfvP.png
Loaded 7714 samples for banana across classes: {np.str_('rotten'), np.str_('unripe'), np.str_('ripe')}
Test set performance for banana:
              precision    recall  f1-score   support

        ripe       0.91      0.93      0.92       445
      rotten       0.95      0.93      0.94       613
      unripe       0.96      0.96      0.96       485

    accuracy                           0.94      1543
   macro avg       0.94      0.94      0.94      1543
weighted avg       0.94      0.94      0.94      1543

Model saved to D:\MainProject\ImageProcessingFruit\FruitVision\trained_models\m14v3\banana_m14v3.pkl
[time] banana took 2m 33.2s

Building feature dataset for orange (m14v3: Otsu+HSV union detect, deskew calibrate, colour+shape+gabor+texture)...
Loaded 5818 samples for orange across classes: {np.str_('rotten'), np.str_('unripe'), np.str_('ripe')}
Test set performance for orange:
              precision    recall  f1-score   support

        ripe       0.88      0.93      0.90       392
      rotten       0.94      0.89      0.91       468
      unripe       0.94      0.94      0.94       304

    accuracy                           0.92      1164
   macro avg       0.92      0.92      0.92      1164
weighted avg       0.92      0.92      0.92      1164

Model saved to D:\MainProject\ImageProcessingFruit\FruitVision\trained_models\m14v3\orange_m14v3.pkl
[time] orange took 2m 4.7s

Building feature dataset for mango (m14v3: Otsu+HSV union detect, deskew calibrate, colour+shape+gabor+texture)...
Loaded 4955 samples for mango across classes: {np.str_('rotten'), np.str_('unripe'), np.str_('ripe')}
Test set performance for mango:
              precision    recall  f1-score   support

        ripe       0.71      0.81      0.75       226
      rotten       0.83      0.80      0.81       364
      unripe       0.94      0.89      0.92       401

    accuracy                           0.84       991
   macro avg       0.83      0.83      0.83       991
weighted avg       0.85      0.84      0.84       991

Model saved to D:\MainProject\ImageProcessingFruit\FruitVision\trained_models\m14v3\mango_m14v3.pkl
[time] mango took 1m 31.3s

[time] Total training run took 8m 39.9s

All graphs saved to outputs/training/m14v3/
Accuracy summary: D:\MainProject\ImageProcessingFruit\FruitVision\outputs\training\m14v3\accuracy_summary.png
