C:\Users\pizza\AppData\Local\Programs\Python\Python311\Lib\site-packages\sklearn\svm\_base.py:239: FutureWarning: The `probability` parameter was deprecated in 1.9 and will be removed in version 1.11. Use `CalibratedClassifierCV(SVC(), ensemble=False)` instead of `SVC(probability=True)`
  warnings.warn(
C:\Users\pizza\AppData\Local\Programs\Python\Python311\Lib\site-packages\sklearn\svm\_base.py:239: FutureWarning: The `probability` parameter was deprecated in 1.9 and will be removed in version 1.11. Use `CalibratedClassifierCV(SVC(), ensemble=False)` instead of `SVC(probability=True)`
  warnings.warn(
[ WARN:0@522.552] global loadsave.cpp:278 cv::findDecoder imread_('D:\MainProject\ImageProcessingFruit\FruitVision\datasets\fruit_ripeness\banana\unripe\8682524-jpgn√á√ë250G√á√Ø_jpg.rf.8fdLwb9GKpe4wc4aCMTn.jpg'): can't open/read file: check file path/integrity
[ WARN:0@570.202] global loadsave.cpp:278 cv::findDecoder imread_('D:\MainProject\ImageProcessingFruit\FruitVision\datasets\fruit_ripeness\banana\unripe\bunch-unripe-green-bananas-bunch-unripe-green-bananas-tree-101253605-jpgG√á√Ø_jpg.rf.LiGkuYCgWXE89EvgyIjC.jpg'): can't open/read file: check file path/integrity
[ WARN:0@570.202] global loadsave.cpp:278 cv::findDecoder imread_('D:\MainProject\ImageProcessingFruit\FruitVision\datasets\fruit_ripeness\banana\unripe\green-bananas-3_medium-jpgG√á√Ø_png.rf.Jd9En5JfkFaniemeIfvP.png'): can't open/read file: check file path/integrity
C:\Users\pizza\AppData\Local\Programs\Python\Python311\Lib\site-packages\sklearn\svm\_base.py:239: FutureWarning: The `probability` parameter was deprecated in 1.9 and will be removed in version 1.11. Use `CalibratedClassifierCV(SVC(), ensemble=False)` instead of `SVC(probability=True)`
  warnings.warn(
C:\Users\pizza\AppData\Local\Programs\Python\Python311\Lib\site-packages\sklearn\svm\_base.py:239: FutureWarning: The `probability` parameter was deprecated in 1.9 and will be removed in version 1.11. Use `CalibratedClassifierCV(SVC(), ensemble=False)` instead of `SVC(probability=True)`
  warnings.warn(
C:\Users\pizza\AppData\Local\Programs\Python\Python311\Lib\site-packages\sklearn\svm\_base.py:239: FutureWarning: The `probability` parameter was deprecated in 1.9 and will be removed in version 1.11. Use `CalibratedClassifierCV(SVC(), ensemble=False)` instead of `SVC(probability=True)`
  warnings.warn(
C:\Users\pizza\AppData\Local\Programs\Python\Python311\Lib\site-packages\sklearn\svm\_base.py:239: FutureWarning: The `probability` parameter was deprecated in 1.9 and will be removed in version 1.11. Use `CalibratedClassifierCV(SVC(), ensemble=False)` instead of `SVC(probability=True)`
  warnings.warn(
C:\Users\pizza\AppData\Local\Programs\Python\Python311\Lib\site-packages\sklearn\svm\_base.py:239: FutureWarning: The `probability` parameter was deprecated in 1.9 and will be removed in version 1.11. Use `CalibratedClassifierCV(SVC(), ensemble=False)` instead of `SVC(probability=True)`
  warnings.warn(
C:\Users\pizza\AppData\Local\Programs\Python\Python311\Lib\site-packages\sklearn\svm\_base.py:239: FutureWarning: The `probability` parameter was deprecated in 1.9 and will be removed in version 1.11. Use `CalibratedClassifierCV(SVC(), ensemble=False)` instead of `SVC(probability=True)`
  warnings.warn(

Building feature dataset for apple...
Loaded 7608 samples for apple across classes: {np.str_('rotten'), np.str_('unripe'), np.str_('ripe')}
Test set performance for apple:
              precision    recall  f1-score   support

        ripe       0.80      0.83      0.82       423
      rotten       0.93      0.91      0.92       635
      unripe       0.89      0.88      0.89       464

    accuracy                           0.88      1522
   macro avg       0.87      0.88      0.87      1522
weighted avg       0.88      0.88      0.88      1522

Model saved to D:\MainProject\ImageProcessingFruit\FruitVision\trained_models\ensemble_ab\apple_ensemble_ab.pkl
[time] apple took 4m 30.0s

Building feature dataset for banana...
Skipping D:\MainProject\ImageProcessingFruit\FruitVision\datasets\fruit_ripeness\banana\unripe\8682524-jpgn«—250G«Ô_jpg.rf.8fdLwb9GKpe4wc4aCMTn.jpg: Could not read image: D:\MainProject\ImageProcessingFruit\FruitVision\datasets\fruit_ripeness\banana\unripe\8682524-jpgn«—250G«Ô_jpg.rf.8fdLwb9GKpe4wc4aCMTn.jpg
Skipping D:\MainProject\ImageProcessingFruit\FruitVision\datasets\fruit_ripeness\banana\unripe\bunch-unripe-green-bananas-bunch-unripe-green-bananas-tree-101253605-jpgG«Ô_jpg.rf.LiGkuYCgWXE89EvgyIjC.jpg: Could not read image: D:\MainProject\ImageProcessingFruit\FruitVision\datasets\fruit_ripeness\banana\unripe\bunch-unripe-green-bananas-bunch-unripe-green-bananas-tree-101253605-jpgG«Ô_jpg.rf.LiGkuYCgWXE89EvgyIjC.jpg
Skipping D:\MainProject\ImageProcessingFruit\FruitVision\datasets\fruit_ripeness\banana\unripe\green-bananas-3_medium-jpgG«Ô_png.rf.Jd9En5JfkFaniemeIfvP.png: Could not read image: D:\MainProject\ImageProcessingFruit\FruitVision\datasets\fruit_ripeness\banana\unripe\green-bananas-3_medium-jpgG«Ô_png.rf.Jd9En5JfkFaniemeIfvP.png
Loaded 7714 samples for banana across classes: {np.str_('rotten'), np.str_('unripe'), np.str_('ripe')}
Test set performance for banana:
              precision    recall  f1-score   support

        ripe       0.86      0.91      0.88       445
      rotten       0.91      0.92      0.91       613
      unripe       0.94      0.88      0.91       485

    accuracy                           0.90      1543
   macro avg       0.90      0.90      0.90      1543
weighted avg       0.90      0.90      0.90      1543

Model saved to D:\MainProject\ImageProcessingFruit\FruitVision\trained_models\ensemble_ab\banana_ensemble_ab.pkl
[time] banana took 5m 26.8s

Building feature dataset for orange...
Loaded 5818 samples for orange across classes: {np.str_('rotten'), np.str_('unripe'), np.str_('ripe')}
Test set performance for orange:
              precision    recall  f1-score   support

        ripe       0.90      0.91      0.90       392
      rotten       0.92      0.91      0.92       468
      unripe       0.94      0.94      0.94       304

    accuracy                           0.92      1164
   macro avg       0.92      0.92      0.92      1164
weighted avg       0.92      0.92      0.92      1164

Model saved to D:\MainProject\ImageProcessingFruit\FruitVision\trained_models\ensemble_ab\orange_ensemble_ab.pkl
[time] orange took 2m 19.6s

Building feature dataset for mango...
Loaded 4955 samples for mango across classes: {np.str_('rotten'), np.str_('unripe'), np.str_('ripe')}
Test set performance for mango:
              precision    recall  f1-score   support

        ripe       0.69      0.79      0.74       226
      rotten       0.84      0.79      0.81       364
      unripe       0.92      0.90      0.91       401

    accuracy                           0.83       991
   macro avg       0.82      0.83      0.82       991
weighted avg       0.84      0.83      0.84       991

Model saved to D:\MainProject\ImageProcessingFruit\FruitVision\trained_models\ensemble_ab\mango_ensemble_ab.pkl
[time] mango took 1m 17.8s

[time] Total training run took 13m 34.2s

All graphs saved to outputs/training/ab/
Accuracy summary: D:\MainProject\ImageProcessingFruit\FruitVision\outputs\training\ab\accuracy_summary.png
