C:\Users\pizza\AppData\Local\Programs\Python\Python311\Lib\site-packages\sklearn\svm\_base.py:239: FutureWarning: The `probability` parameter was deprecated in 1.9 and will be removed in version 1.11. Use `CalibratedClassifierCV(SVC(), ensemble=False)` instead of `SVC(probability=True)`
  warnings.warn(
C:\Users\pizza\AppData\Local\Programs\Python\Python311\Lib\site-packages\sklearn\svm\_base.py:239: FutureWarning: The `probability` parameter was deprecated in 1.9 and will be removed in version 1.11. Use `CalibratedClassifierCV(SVC(), ensemble=False)` instead of `SVC(probability=True)`
  warnings.warn(
[ WARN:0@644.028] global loadsave.cpp:278 cv::findDecoder imread_('D:\MainProject\ImageProcessingFruit\FruitVision\datasets\fruit_ripeness\banana\unripe\8682524-jpgn√á√ë250G√á√Ø_jpg.rf.8fdLwb9GKpe4wc4aCMTn.jpg'): can't open/read file: check file path/integrity
[ WARN:0@745.394] global loadsave.cpp:278 cv::findDecoder imread_('D:\MainProject\ImageProcessingFruit\FruitVision\datasets\fruit_ripeness\banana\unripe\bunch-unripe-green-bananas-bunch-unripe-green-bananas-tree-101253605-jpgG√á√Ø_jpg.rf.LiGkuYCgWXE89EvgyIjC.jpg'): can't open/read file: check file path/integrity
[ WARN:0@745.394] global loadsave.cpp:278 cv::findDecoder imread_('D:\MainProject\ImageProcessingFruit\FruitVision\datasets\fruit_ripeness\banana\unripe\green-bananas-3_medium-jpgG√á√Ø_png.rf.Jd9En5JfkFaniemeIfvP.png'): can't open/read file: check file path/integrity
C:\Users\pizza\AppData\Local\Programs\Python\Python311\Lib\site-packages\sklearn\svm\_base.py:239: FutureWarning: The `probability` parameter was deprecated in 1.9 and will be removed in version 1.11. Use `CalibratedClassifierCV(SVC(), ensemble=False)` instead of `SVC(probability=True)`
  warnings.warn(
C:\Users\pizza\AppData\Local\Programs\Python\Python311\Lib\site-packages\sklearn\svm\_base.py:239: FutureWarning: The `probability` parameter was deprecated in 1.9 and will be removed in version 1.11. Use `CalibratedClassifierCV(SVC(), ensemble=False)` instead of `SVC(probability=True)`
  warnings.warn(
C:\Users\pizza\AppData\Local\Programs\Python\Python311\Lib\site-packages\sklearn\svm\_base.py:239: FutureWarning: The `probability` parameter was deprecated in 1.9 and will be removed in version 1.11. Use `CalibratedClassifierCV(SVC(), ensemble=False)` instead of `SVC(probability=True)`
  warnings.warn(
C:\Users\pizza\AppData\Local\Programs\Python\Python311\Lib\site-packages\sklearn\svm\_base.py:239: FutureWarning: The `probability` parameter was deprecated in 1.9 and will be removed in version 1.11. Use `CalibratedClassifierCV(SVC(), ensemble=False)` instead of `SVC(probability=True)`
  warnings.warn(
C:\Users\pizza\AppData\Local\Programs\Python\Python311\Lib\site-packages\sklearn\svm\_base.py:239: FutureWarning: The `probability` parameter was deprecated in 1.9 and will be removed in version 1.11. Use `CalibratedClassifierCV(SVC(), ensemble=False)` instead of `SVC(probability=True)`
  warnings.warn(
C:\Users\pizza\AppData\Local\Programs\Python\Python311\Lib\site-packages\sklearn\svm\_base.py:239: FutureWarning: The `probability` parameter was deprecated in 1.9 and will be removed in version 1.11. Use `CalibratedClassifierCV(SVC(), ensemble=False)` instead of `SVC(probability=True)`
  warnings.warn(
C:\Users\pizza\AppData\Local\Programs\Python\Python311\Lib\site-packages\sklearn\svm\_base.py:239: FutureWarning: The `probability` parameter was deprecated in 1.9 and will be removed in version 1.11. Use `CalibratedClassifierCV(SVC(), ensemble=False)` instead of `SVC(probability=True)`
  warnings.warn(
C:\Users\pizza\AppData\Local\Programs\Python\Python311\Lib\site-packages\sklearn\svm\_base.py:239: FutureWarning: The `probability` parameter was deprecated in 1.9 and will be removed in version 1.11. Use `CalibratedClassifierCV(SVC(), ensemble=False)` instead of `SVC(probability=True)`
  warnings.warn(
C:\Users\pizza\AppData\Local\Programs\Python\Python311\Lib\site-packages\sklearn\svm\_base.py:239: FutureWarning: The `probability` parameter was deprecated in 1.9 and will be removed in version 1.11. Use `CalibratedClassifierCV(SVC(), ensemble=False)` instead of `SVC(probability=True)`
  warnings.warn(
C:\Users\pizza\AppData\Local\Programs\Python\Python311\Lib\site-packages\sklearn\svm\_base.py:239: FutureWarning: The `probability` parameter was deprecated in 1.9 and will be removed in version 1.11. Use `CalibratedClassifierCV(SVC(), ensemble=False)` instead of `SVC(probability=True)`
  warnings.warn(
C:\Users\pizza\AppData\Local\Programs\Python\Python311\Lib\site-packages\sklearn\svm\_base.py:239: FutureWarning: The `probability` parameter was deprecated in 1.9 and will be removed in version 1.11. Use `CalibratedClassifierCV(SVC(), ensemble=False)` instead of `SVC(probability=True)`
  warnings.warn(
C:\Users\pizza\AppData\Local\Programs\Python\Python311\Lib\site-packages\sklearn\svm\_base.py:239: FutureWarning: The `probability` parameter was deprecated in 1.9 and will be removed in version 1.11. Use `CalibratedClassifierCV(SVC(), ensemble=False)` instead of `SVC(probability=True)`
  warnings.warn(
C:\Users\pizza\AppData\Local\Programs\Python\Python311\Lib\site-packages\sklearn\svm\_base.py:239: FutureWarning: The `probability` parameter was deprecated in 1.9 and will be removed in version 1.11. Use `CalibratedClassifierCV(SVC(), ensemble=False)` instead of `SVC(probability=True)`
  warnings.warn(
C:\Users\pizza\AppData\Local\Programs\Python\Python311\Lib\site-packages\sklearn\svm\_base.py:239: FutureWarning: The `probability` parameter was deprecated in 1.9 and will be removed in version 1.11. Use `CalibratedClassifierCV(SVC(), ensemble=False)` instead of `SVC(probability=True)`
  warnings.warn(
C:\Users\pizza\AppData\Local\Programs\Python\Python311\Lib\site-packages\sklearn\svm\_base.py:239: FutureWarning: The `probability` parameter was deprecated in 1.9 and will be removed in version 1.11. Use `CalibratedClassifierCV(SVC(), ensemble=False)` instead of `SVC(probability=True)`
  warnings.warn(
C:\Users\pizza\AppData\Local\Programs\Python\Python311\Lib\site-packages\sklearn\svm\_base.py:239: FutureWarning: The `probability` parameter was deprecated in 1.9 and will be removed in version 1.11. Use `CalibratedClassifierCV(SVC(), ensemble=False)` instead of `SVC(probability=True)`
  warnings.warn(
C:\Users\pizza\AppData\Local\Programs\Python\Python311\Lib\site-packages\sklearn\svm\_base.py:239: FutureWarning: The `probability` parameter was deprecated in 1.9 and will be removed in version 1.11. Use `CalibratedClassifierCV(SVC(), ensemble=False)` instead of `SVC(probability=True)`
  warnings.warn(
C:\Users\pizza\AppData\Local\Programs\Python\Python311\Lib\site-packages\sklearn\svm\_base.py:239: FutureWarning: The `probability` parameter was deprecated in 1.9 and will be removed in version 1.11. Use `CalibratedClassifierCV(SVC(), ensemble=False)` instead of `SVC(probability=True)`
  warnings.warn(

Building feature dataset for apple (m14v3: Otsu+HSV union detect, deskew calibrate, colour+shape+gabor+texture)...
Loaded 7593 samples for apple across classes: {np.str_('rotten'), np.str_('unripe'), np.str_('ripe')}
Test set performance for apple:
              precision    recall  f1-score   support

        ripe       0.78      0.83      0.80       416
      rotten       0.92      0.92      0.92       635
      unripe       0.93      0.87      0.90       468

    accuracy                           0.88      1519
   macro avg       0.87      0.87      0.87      1519
weighted avg       0.88      0.88      0.88      1519

Model saved to D:\MainProject\ImageProcessingFruit\FruitVision\trained_models\m14v3\apple_m14v3.pkl
[time] apple took 4m 32.0s

Building feature dataset for banana (m14v3: Otsu+HSV union detect, deskew calibrate, colour+shape+gabor+texture)...
Skipping D:\MainProject\ImageProcessingFruit\FruitVision\datasets\fruit_ripeness\banana\unripe\8682524-jpgn«—250G«Ô_jpg.rf.8fdLwb9GKpe4wc4aCMTn.jpg: Could not read image: D:\MainProject\ImageProcessingFruit\FruitVision\datasets\fruit_ripeness\banana\unripe\8682524-jpgn«—250G«Ô_jpg.rf.8fdLwb9GKpe4wc4aCMTn.jpg
Skipping D:\MainProject\ImageProcessingFruit\FruitVision\datasets\fruit_ripeness\banana\unripe\bunch-unripe-green-bananas-bunch-unripe-green-bananas-tree-101253605-jpgG«Ô_jpg.rf.LiGkuYCgWXE89EvgyIjC.jpg: Could not read image: D:\MainProject\ImageProcessingFruit\FruitVision\datasets\fruit_ripeness\banana\unripe\bunch-unripe-green-bananas-bunch-unripe-green-bananas-tree-101253605-jpgG«Ô_jpg.rf.LiGkuYCgWXE89EvgyIjC.jpg
Skipping D:\MainProject\ImageProcessingFruit\FruitVision\datasets\fruit_ripeness\banana\unripe\green-bananas-3_medium-jpgG«Ô_png.rf.Jd9En5JfkFaniemeIfvP.png: Could not read image: D:\MainProject\ImageProcessingFruit\FruitVision\datasets\fruit_ripeness\banana\unripe\green-bananas-3_medium-jpgG«Ô_png.rf.Jd9En5JfkFaniemeIfvP.png
Loaded 7714 samples for banana across classes: {np.str_('rotten'), np.str_('unripe'), np.str_('ripe')}
Test set performance for banana:
              precision    recall  f1-score   support

        ripe       0.91      0.93      0.92       445
      rotten       0.95      0.93      0.94       613
      unripe       0.96      0.96      0.96       485

    accuracy                           0.94      1543
   macro avg       0.94      0.94      0.94      1543
weighted avg       0.94      0.94      0.94      1543

Model saved to D:\MainProject\ImageProcessingFruit\FruitVision\trained_models\m14v3\banana_m14v3.pkl
[time] banana took 8m 25.9s

Building feature dataset for orange (m14v3: Otsu+HSV union detect, deskew calibrate, colour+shape+gabor+texture)...
Loaded 5818 samples for orange across classes: {np.str_('rotten'), np.str_('unripe'), np.str_('ripe')}
Test set performance for orange:
              precision    recall  f1-score   support

        ripe       0.88      0.93      0.90       392
      rotten       0.94      0.89      0.91       468
      unripe       0.94      0.94      0.94       304

    accuracy                           0.92      1164
   macro avg       0.92      0.92      0.92      1164
weighted avg       0.92      0.92      0.92      1164

Model saved to D:\MainProject\ImageProcessingFruit\FruitVision\trained_models\m14v3\orange_m14v3.pkl
[time] orange took 6m 39.6s

Building feature dataset for mango (m14v3: Otsu+HSV union detect, deskew calibrate, colour+shape+gabor+texture)...
Loaded 4955 samples for mango across classes: {np.str_('rotten'), np.str_('unripe'), np.str_('ripe')}
Test set performance for mango:
              precision    recall  f1-score   support

        ripe       0.71      0.81      0.75       226
      rotten       0.83      0.80      0.81       364
      unripe       0.94      0.89      0.92       401

    accuracy                           0.84       991
   macro avg       0.83      0.83      0.83       991
weighted avg       0.85      0.84      0.84       991

Model saved to D:\MainProject\ImageProcessingFruit\FruitVision\trained_models\m14v3\mango_m14v3.pkl
[time] mango took 4m 56.1s

Building feature dataset for pear (m14v3: Otsu+HSV union detect, deskew calibrate, colour+shape+gabor+texture)...
Loaded 510 samples for pear across classes: {np.str_('rotten'), np.str_('unripe'), np.str_('ripe')}
Test set performance for pear:
              precision    recall  f1-score   support

        ripe       0.70      0.61      0.65        23
      rotten       0.98      0.98      0.98        45
      unripe       0.73      0.79      0.76        34

    accuracy                           0.83       102
   macro avg       0.80      0.79      0.80       102
weighted avg       0.83      0.83      0.83       102

Model saved to D:\MainProject\ImageProcessingFruit\FruitVision\trained_models\m14v3\pear_m14v3.pkl
[time] pear took 27.9s

Building feature dataset for peach (m14v3: Otsu+HSV union detect, deskew calibrate, colour+shape+gabor+texture)...
Loaded 743 samples for peach across classes: {np.str_('rotten'), np.str_('unripe'), np.str_('ripe')}
Test set performance for peach:
              precision    recall  f1-score   support

        ripe       0.65      0.87      0.75        39
      rotten       0.92      0.95      0.94        38
      unripe       0.88      0.71      0.78        72

    accuracy                           0.81       149
   macro avg       0.82      0.84      0.82       149
weighted avg       0.83      0.81      0.81       149

Model saved to D:\MainProject\ImageProcessingFruit\FruitVision\trained_models\m14v3\peach_m14v3.pkl
[time] peach took 37.6s

Building feature dataset for strawberry (m14v3: Otsu+HSV union detect, deskew calibrate, colour+shape+gabor+texture)...
Loaded 16077 samples for strawberry across classes: {np.str_('rotten'), np.str_('unripe'), np.str_('ripe')}
Test set performance for strawberry:
              precision    recall  f1-score   support

        ripe       0.81      0.84      0.82      1124
      rotten       0.88      0.83      0.86      1565
      unripe       0.89      0.96      0.92       527

    accuracy                           0.86      3216
   macro avg       0.86      0.88      0.87      3216
weighted avg       0.86      0.86      0.86      3216

Model saved to D:\MainProject\ImageProcessingFruit\FruitVision\trained_models\m14v3\strawberry_m14v3.pkl
[time] strawberry took 15m 39.0s

Building feature dataset for tomato (m14v3: Otsu+HSV union detect, deskew calibrate, colour+shape+gabor+texture)...
Loaded 851 samples for tomato across classes: {np.str_('rotten'), np.str_('unripe'), np.str_('ripe')}
Test set performance for tomato:
              precision    recall  f1-score   support

        ripe       0.86      0.75      0.80        75
      rotten       0.48      0.72      0.58        29
      unripe       0.92      0.85      0.88        67

    accuracy                           0.78       171
   macro avg       0.75      0.77      0.75       171
weighted avg       0.82      0.78      0.79       171

Model saved to D:\MainProject\ImageProcessingFruit\FruitVision\trained_models\m14v3\tomato_m14v3.pkl
[time] tomato took 55.6s

Building feature dataset for lemon (m14v3: Otsu+HSV union detect, deskew calibrate, colour+shape+gabor+texture)...
Loaded 913 samples for lemon across classes: {np.str_('rotten'), np.str_('unripe'), np.str_('ripe')}
Test set performance for lemon:
              precision    recall  f1-score   support

        ripe       0.96      0.90      0.93        97
      rotten       0.76      0.86      0.81        36
      unripe       0.96      0.98      0.97        50

    accuracy                           0.91       183
   macro avg       0.89      0.91      0.90       183
weighted avg       0.92      0.91      0.91       183

Model saved to D:\MainProject\ImageProcessingFruit\FruitVision\trained_models\m14v3\lemon_m14v3.pkl
[time] lemon took 55.1s

Building feature dataset for guava (m14v3: Otsu+HSV union detect, deskew calibrate, colour+shape+gabor+texture)...
Loaded 2016 samples for guava across classes: {np.str_('rotten'), np.str_('unripe'), np.str_('ripe')}
Test set performance for guava:
              precision    recall  f1-score   support

        ripe       0.99      0.99      0.99       149
      rotten       0.68      0.70      0.69        92
      unripe       0.83      0.82      0.82       163

    accuracy                           0.85       404
   macro avg       0.83      0.83      0.83       404
weighted avg       0.86      0.85      0.85       404

Model saved to D:\MainProject\ImageProcessingFruit\FruitVision\trained_models\m14v3\guava_m14v3.pkl
[time] guava took 2m 8.6s

[time] Total training run took 45m 17.4s

All graphs saved to outputs/training/m14v3/
Accuracy summary: D:\MainProject\ImageProcessingFruit\FruitVision\outputs\training\m14v3\accuracy_summary.png
